###############################################################################
#
# IAR ELF Linker V8.11.3.13950/W32 for ARM                18/Nov/2022  01:09:17
# Copyright 2007-2017 IAR Systems AB.
#
#    Output file  =  
#        C:\Users\egeen\Desktop\School\EE
#        474\Projects\lab3\task2a\Debug\Exe\task2a.out
#    Map file     =  
#        C:\Users\egeen\Desktop\School\EE
#        474\Projects\lab3\task2a\Debug\List\task2a.map
#    Command line =  
#        -f C:\Users\egeen\AppData\Local\Temp\EW43D1.tmp
#        ("C:\Users\egeen\Desktop\School\EE
#        474\Projects\lab3\task2a\Debug\Obj\cstartup_M.o"
#        "C:\Users\egeen\Desktop\School\EE
#        474\Projects\lab3\task2a\Debug\Obj\Lab3_2a.o"
#        "C:\Users\egeen\Desktop\School\EE
#        474\Projects\lab3\task2a\Debug\Obj\Lab3_Inits.o" -o
#        "C:\Users\egeen\Desktop\School\EE
#        474\Projects\lab3\task2a\Debug\Exe\task2a.out" --map
#        "C:\Users\egeen\Desktop\School\EE
#        474\Projects\lab3\task2a\Debug\List\task2a.map" --config "C:\Program
#        Files (x86)\IAR Systems\Embedded Workbench
#        8.0\arm\config\linker\TexasInstruments\TM4C1294NC.icf" --semihosting
#        --entry __iar_program_start --vfe --text_out locale)
#
###############################################################################

*******************************************************************************
*** RUNTIME MODEL ATTRIBUTES
***

CppFlavor       = *
__SystemLibrary = DLib
__dlib_version  = 6


*******************************************************************************
*** HEAP SELECTION
***

The basic heap was selected because some modules are built with
size limitations (and not runtime checking), and --advanced_heap
was not specified.


*******************************************************************************
*** PLACEMENT SUMMARY
***

"A0":  place at 0x00000000 { ro section .intvec };
"P1":  place in [from 0x00000000 to 0x000fffff] { ro };
define block CSTACK with size = 32K, alignment = 8 { };
define block HEAP with size = 64K, alignment = 8 { };
"P2":  place in [from 0x20000000 to 0x2003ffff] {
          rw, block CSTACK, block HEAP };
initialize by copy { rw };

  Section            Kind        Address    Size  Object
  -------            ----        -------    ----  ------
"A0":                                      0x110
  .intvec            const    0x00000000   0x110  cstartup_M.o [1]
                            - 0x00000110   0x110

"P1":                                     0x1d7c
  .text              ro code  0x00000110   0xc56  xprintflarge_nomb.o [3]
  .text              ro code  0x00000d66     0xa  xsprout.o [3]
  .text              ro code  0x00000d70    0x16  strchr.o [5]
  .text              ro code  0x00000d86     0x2  cstartup_M.o [1]
  .text              ro code  0x00000d88    0x44  xfail_s.o [3]
  .text              ro code  0x00000dcc    0x36  strlen.o [5]
  .text              ro code  0x00000e02     0x2  cstartup_M.o [1]
  .text              ro code  0x00000e04    0x58  memchr.o [5]
  .text              ro code  0x00000e5c    0xee  I64DivMod.o [5]
  .text              ro code  0x00000f4a     0x2  cstartup_M.o [1]
  .text              ro code  0x00000f4c   0x1a2  DblMul.o [4]
  .text              ro code  0x000010ee     0x2  cstartup_M.o [1]
  .text              ro code  0x000010f0    0x76  ABImemcpy_unaligned.o [5]
  .text              ro code  0x00001166     0x2  cstartup_M.o [1]
  .text              ro code  0x00001168    0x70  frexp.o [4]
  .text              ro code  0x000011d8    0x2e  DblCmpLe.o [4]
  .text              ro code  0x00001206     0x2  cstartup_M.o [1]
  .text              ro code  0x00001208   0x246  DblDiv.o [4]
  .text              ro code  0x0000144e     0x2  cstartup_M.o [1]
  .text              ro code  0x00001450    0x28  DblToU32.o [4]
  .text              ro code  0x00001478    0x1a  U32ToDbl.o [4]
  .text              ro code  0x00001492     0x2  cstartup_M.o [1]
  .text              ro code  0x00001494    0xe2  DblSub.o [4]
  .text              ro code  0x00001576     0x2  cstartup_M.o [1]
  .text              ro code  0x00001578     0x8  xlocale_c.o [3]
  .text              ro code  0x00001580     0x6  abort.o [3]
  .text              ro code  0x00001588     0x2  I64DivZer.o [5]
  .text              ro code  0x0000158c   0x168  DblAdd.o [4]
  .text              ro code  0x000016f4    0x14  exit.o [6]
  .text              ro code  0x00001708   0x428  Lab3_Inits.o [1]
  .text              ro code  0x00001b30   0x12c  Lab3_2a.o [1]
  .text              ro code  0x00001c5c    0x68  DblToFlt.o [4]
  .text              ro code  0x00001cc4    0x38  roundf.o [4]
  .text              ro code  0x00001cfc    0x48  FltToDbl.o [4]
  .text              ro code  0x00001d44    0x40  sprintf.o [3]
  .text              ro code  0x00001d84    0x38  packbits_init_single.o [5]
  .text              ro code  0x00001dbc    0x28  data_init.o [5]
  .text              ro code  0x00001de4    0x22  fpinit_M.o [4]
  .iar.init_table    const    0x00001e08    0x10  - Linker created -
  .text              ro code  0x00001e18    0x1a  cmain.o [5]
  .text              ro code  0x00001e32     0x4  low_level_init.o [3]
  .text              ro code  0x00001e36     0x4  exit.o [3]
  .text              ro code  0x00001e3c     0xa  cexit.o [5]
  .text              ro code  0x00001e46    0x10  cstartup_M.o [1]
  .rodata            const    0x00001e58     0x4  xlocale_c.o [3]
  .rodata            const    0x00001e5c     0x0  packbits_init_single.o [5]
  Initializer bytes  const    0x00001e5c    0x30  <for P2-1>
                            - 0x00001e8c  0x1d7c

"P2", part 1 of 2:                          0x44
  P2-1                        0x20000000    0x44  <Init block>
    .data            inited   0x20000000    0x38  xlocale_c.o [3]
    .bss             inited   0x20000038     0x4  Lab3_2a.o [1]
    .bss             inited   0x2000003c     0x4  Lab3_2a.o [1]
    .bss             inited   0x20000040     0x4  xfail_s.o [3]
                            - 0x20000044    0x44

"P2", part 2 of 2:                        0x8000
  CSTACK                      0x20000048  0x8000  <Block>
    CSTACK           uninit   0x20000048  0x8000  <Block tail>
                            - 0x20008048  0x8000


*******************************************************************************
*** INIT TABLE
***

          Address     Size
          -------     ----
Copy/packbits (__iar_packbits_init_single3)
    1 source range, total size 0x30 (70% of destination):
          0x00001e5c  0x30
    1 destination range, total size 0x44:
          0x20000000  0x44



*******************************************************************************
*** MODULE SUMMARY
***

    Module                  ro code  ro data  rw data
    ------                  -------  -------  -------
C:\Users\egeen\Desktop\School\EE 474\Projects\lab3\task2a\Debug\Obj: [1]
    Lab3_2a.o                   300        6        8
    Lab3_Inits.o              1 064
    cstartup_M.o                 34      272
    -------------------------------------------------
    Total:                    1 398      278        8

command line: [2]
    -------------------------------------------------
    Total:

dl7M_tlf.a: [3]
    abort.o                       6
    exit.o                        4
    low_level_init.o              4
    sprintf.o                    64
    xfail_s.o                    68        3        4
    xlocale_c.o                   8       43       56
    xprintflarge_nomb.o       3 158
    xsprout.o                    10
    -------------------------------------------------
    Total:                    3 322       46       60

m7M_tls.a: [4]
    DblAdd.o                    360
    DblCmpLe.o                   46
    DblDiv.o                    582
    DblMul.o                    418
    DblSub.o                    226
    DblToFlt.o                  104
    DblToU32.o                   40
    FltToDbl.o                   72
    U32ToDbl.o                   26
    fpinit_M.o                   34
    frexp.o                     112
    roundf.o                     56
    -------------------------------------------------
    Total:                    2 076

rt7M_tl.a: [5]
    ABImemcpy_unaligned.o       118
    I64DivMod.o                 238
    I64DivZer.o                   2
    cexit.o                      10
    cmain.o                      26
    data_init.o                  40
    memchr.o                     88
    packbits_init_single.o       56
    strchr.o                     22
    strlen.o                     54
    -------------------------------------------------
    Total:                      654

shb_l.a: [6]
    exit.o                       20
    -------------------------------------------------
    Total:                       20

    Gaps                          6        4
    Linker created                        16   32 768
-----------------------------------------------------
    Grand Total:              7 476      344   32 836


*******************************************************************************
*** ENTRY LIST
***

Entry                      Address   Size  Type      Object
-----                      -------   ----  ----      ------
.iar.init_table$$Base   0x00001e08          --   Gb  - Linker created -
.iar.init_table$$Limit  0x00001e18          --   Gb  - Linker created -
?main                   0x00001e19         Code  Gb  cmain.o [5]
ADC0SS3_Handler         0x00001bcf   0x2c  Code  Gb  Lab3_2a.o [1]
ADCReadPot_Init         0x00001905   0x88  Code  Gb  Lab3_Inits.o [1]
ADC_value               0x20000038    0x4  Data  Gb  Lab3_2a.o [1]
CSTACK$$Base            0x20000048          --   Gb  - Linker created -
CSTACK$$Limit           0x20008048          --   Gb  - Linker created -
LoadInt                 0x000002a7   0x7a  Code  Lc  xprintflarge_nomb.o [3]
PLL_Init                0x00001709  0x174  Code  Gb  Lab3_Inits.o [1]
PortJ_Handler           0x00001bfb   0x2e  Code  Gb  Lab3_2a.o [1]
Region$$Table$$Base     0x00001e08          --   Gb  - Linker created -
Region$$Table$$Limit    0x00001e18          --   Gb  - Linker created -
SW_Init                 0x0000187d   0x88  Code  Gb  Lab3_Inits.o [1]
TimerADCTriger_Init     0x0000198d   0x56  Code  Gb  Lab3_Inits.o [1]
UART_Init               0x000019e3   0xa2  Code  Gb  Lab3_Inits.o [1]
_GenldLargeNoMb         0x00000a6d  0x266  Code  Lc  xprintflarge_nomb.o [3]
_LdtobLargeNoMb         0x000007e7  0x260  Code  Lc  xprintflarge_nomb.o [3]
_LitobLargeNoMb         0x0000068b  0x116  Code  Lc  xprintflarge_nomb.o [3]
_Locale_lconv           0x20000000   0x38  Data  Lc  xlocale_c.o [3]
_PrintfLargeNoMb        0x00000111  0x190  Code  Gb  xprintflarge_nomb.o [3]
_PutcharsLargeNoMb      0x00000cd3   0x2e  Code  Lc  xprintflarge_nomb.o [3]
_PutfldLargeNoMb        0x00000321  0x25c  Code  Lc  xprintflarge_nomb.o [3]
_PuttxtLargeNoMb        0x0000057d  0x10e  Code  Lc  xprintflarge_nomb.o [3]
_SProut                 0x00000d67    0xa  Code  Gb  xsprout.o [3]
__aeabi_cdcmple         0x000011d9         Code  Gb  DblCmpLe.o [4]
__aeabi_d2f             0x00001c5d         Code  Gb  DblToFlt.o [4]
__aeabi_d2uiz           0x00001451         Code  Gb  DblToU32.o [4]
__aeabi_ddiv            0x00001209         Code  Gb  DblDiv.o [4]
__aeabi_dmul            0x00000f4d         Code  Gb  DblMul.o [4]
__aeabi_dsub            0x00001495         Code  Gb  DblSub.o [4]
__aeabi_f2d             0x00001cfd         Code  Gb  FltToDbl.o [4]
__aeabi_ldiv0           0x00001589         Code  Gb  I64DivZer.o [5]
__aeabi_ui2d            0x00001479         Code  Gb  U32ToDbl.o [4]
__aeabi_uldivmod        0x00000e5d         Code  Gb  I64DivMod.o [5]
__cmain                 0x00001e19         Code  Gb  cmain.o [5]
__exit                  0x000016f5   0x14  Code  Gb  exit.o [6]
__iar_Fail_s            0x00000d89   0x1e  Code  Gb  xfail_s.o [3]
__iar_Memchr            0x00000e05         Code  Gb  memchr.o [5]
__iar_Strchr            0x00000d71         Code  Gb  strchr.o [5]
__iar_dadd              0x000014a5         Code  Gb  DblSub.o [4]
__iar_data_init3        0x00001dbd   0x28  Code  Gb  data_init.o [5]
__iar_dsub              0x0000158d         Code  Gb  DblAdd.o [4]
__iar_dsubStart         0x0000159f         Code  Gb  DblAdd.o [4]
__iar_frexp             0x00001175         Code  Gb  frexp.o [4]
__iar_frexpl            0x00001175         Code  Gb  frexp.o [4]
__iar_init_vfp          0x00001de5         Code  Gb  fpinit_M.o [4]
__iar_packbits_init_single3
                        0x00001d85   0x38  Code  Gb  packbits_init_single.o [5]
__iar_program_start     0x00001e47   0x10  Code  Gb  cstartup_M.o [1]
__iar_round32           0x00001cd5         Code  Gb  roundf.o [4]
__iar_softfp___iar_frexp64
                        0x00001169         Code  Gb  frexp.o [4]
__iar_softfp_frexp      0x00001169         Code  Gb  frexp.o [4]
__iar_softfp_frexpl     0x00001169         Code  Gb  frexp.o [4]
__iar_systems$$module {Abs}
                        0x00000001         Data  Gb  command line/config [2]
__iar_unaligned_memcpy  0x000010f1         Code  Gb  ABImemcpy_unaligned.o [5]
__iar_unaligned_memcpy4
                        0x00001111         Code  Gb  ABImemcpy_unaligned.o [5]
__iar_unaligned_memcpy8
                        0x00001111         Code  Gb  ABImemcpy_unaligned.o [5]
__iar_vfp___iar_round32
                        0x00001cc5         Code  Gb  roundf.o [4]
__iar_vfp_roundf        0x00001cc5         Code  Gb  roundf.o [4]
__low_level_init        0x00001e33    0x4  Code  Gb  low_level_init.o [3]
__vector_table          0x00000000  0x110  Data  Gb  cstartup_M.o [1]
_call_main              0x00001e25         Code  Gb  cmain.o [5]
_exit                   0x00001e3d         Code  Gb  cexit.o [5]
_main                   0x00001e2f         Code  Gb  cmain.o [5]
abort                   0x00001581    0x6  Code  Gb  abort.o [3]
exit                    0x00001e37    0x4  Code  Gb  exit.o [3]
localeconv              0x00001579    0x4  Code  Gb  xlocale_c.o [3]
main                    0x00001b31   0x9e  Code  Gb  Lab3_2a.o [1]
memchr                  0x00000e05         Code  Gb  memchr.o [5]
roundf                  0x00001cd5         Code  Gb  roundf.o [4]
scale                   0x000007a1   0x46  Code  Lc  xprintflarge_nomb.o [3]
sec_hand                0x20000040    0x4  Data  Lc  xfail_s.o [3]
sprintf                 0x00001d45   0x40  Code  Gb  sprintf.o [3]
strchr                  0x00000d71         Code  Gb  strchr.o [5]
strlen                  0x00000dcd         Code  Gb  strlen.o [5]
updateTemp              0x2000003c    0x4  Data  Gb  Lab3_2a.o [1]


[1] = C:\Users\egeen\Desktop\School\EE 474\Projects\lab3\task2a\Debug\Obj
[2] = command line
[3] = dl7M_tlf.a
[4] = m7M_tls.a
[5] = rt7M_tl.a
[6] = shb_l.a

   7 476 bytes of readonly  code memory
     344 bytes of readonly  data memory
  32 836 bytes of readwrite data memory

Errors: none
Warnings: none
