###############################################################################
#
# IAR ELF Linker V8.11.3.13950/W32 for ARM                02/Dec/2022  21:25:26
# Copyright 2007-2017 IAR Systems AB.
#
#    Output file  =  
#        C:\Users\egeen\Desktop\School\EE
#        474\Projects\lab4\task1c\Debug\Exe\task1c.out
#    Map file     =  
#        C:\Users\egeen\Desktop\School\EE
#        474\Projects\lab4\task1c\Debug\List\task1c.map
#    Command line =  
#        -f C:\Users\egeen\AppData\Local\Temp\EW6017.tmp
#        ("C:\Users\egeen\Desktop\School\EE
#        474\Projects\lab4\task1c\Debug\Obj\cstartup_M.o"
#        "C:\Users\egeen\Desktop\School\EE
#        474\Projects\lab4\task1c\Debug\Obj\Lab4_Inits.o"
#        "C:\Users\egeen\Desktop\School\EE
#        474\Projects\lab4\task1c\Debug\Obj\Lab4_Task1c.o"
#        "C:\Users\egeen\Desktop\School\EE
#        474\Projects\lab4\task1c\Debug\Obj\SSD2119_Display.o"
#        "C:\Users\egeen\Desktop\School\EE
#        474\Projects\lab4\task1c\Debug\Obj\SSD2119_Touch.o" -o
#        "C:\Users\egeen\Desktop\School\EE
#        474\Projects\lab4\task1c\Debug\Exe\task1c.out" --map
#        "C:\Users\egeen\Desktop\School\EE
#        474\Projects\lab4\task1c\Debug\List\task1c.map" --config "C:\Program
#        Files (x86)\IAR Systems\Embedded Workbench
#        8.0\arm\config\linker\TexasInstruments\TM4C1294NC.icf" --semihosting
#        --entry __iar_program_start --vfe --text_out locale)
#
###############################################################################

*******************************************************************************
*** RUNTIME MODEL ATTRIBUTES
***

CppFlavor       = *
__SystemLibrary = DLib
__dlib_version  = 6


*******************************************************************************
*** HEAP SELECTION
***

The basic heap was selected because some modules are built with
size limitations (and not runtime checking), and --advanced_heap
was not specified.


*******************************************************************************
*** PLACEMENT SUMMARY
***

"A0":  place at 0x00000000 { ro section .intvec };
"P1":  place in [from 0x00000000 to 0x000fffff] { ro };
define block CSTACK with size = 32K, alignment = 8 { };
define block HEAP with size = 64K, alignment = 8 { };
"P2":  place in [from 0x20000000 to 0x2003ffff] {
          rw, block CSTACK, block HEAP };
initialize by copy { rw };

  Section            Kind        Address    Size  Object
  -------            ----        -------    ----  ------
"A0":                                      0x110
  .intvec            const    0x00000000   0x110  cstartup_M.o [1]
                            - 0x00000110   0x110

"P1":                                     0x3186
  .text              ro code  0x00000110   0xf5a  xprintffuller_nomb.o [3]
  .text              ro code  0x0000106a    0x12  xencoding_8859_1.o [3]
  .text              ro code  0x0000107c    0x16  strchr.o [5]
  .text              ro code  0x00001092     0xa  xsprout.o [3]
  .text              ro code  0x0000109c    0x44  xfail_s.o [3]
  .text              ro code  0x000010e0    0x36  strlen.o [5]
  .text              ro code  0x00001116     0x2  cstartup_M.o [1]
  .text              ro code  0x00001118    0x58  memchr.o [5]
  .text              ro code  0x00001170     0xa  xmbcurmax.o [3]
  .text              ro code  0x0000117a     0x2  cstartup_M.o [1]
  .text              ro code  0x0000117c    0x18  xlocale_c.o [3]
  .text              ro code  0x00001194    0x76  ABImemcpy_unaligned.o [5]
  .text              ro code  0x0000120a     0x2  cstartup_M.o [1]
  .text              ro code  0x0000120c    0xee  I64DivMod.o [5]
  .text              ro code  0x000012fa     0x2  cstartup_M.o [1]
  .text              ro code  0x000012fc   0x1a2  DblMul.o [4]
  .text              ro code  0x0000149e     0x2  cstartup_M.o [1]
  .text              ro code  0x000014a0    0x70  frexp.o [4]
  .text              ro code  0x00001510    0x2e  DblCmpLe.o [4]
  .text              ro code  0x0000153e     0x2  cstartup_M.o [1]
  .text              ro code  0x00001540    0x2e  DblCmpGe.o [4]
  .text              ro code  0x0000156e     0x2  cstartup_M.o [1]
  .text              ro code  0x00001570   0x13a  ldexp.o [4]
  .text              ro code  0x000016aa     0x2  cstartup_M.o [1]
  .text              ro code  0x000016ac    0x3a  DblToS32.o [4]
  .text              ro code  0x000016e6     0x2  cstartup_M.o [1]
  .text              ro code  0x000016e8    0x22  S32ToDbl.o [4]
  .text              ro code  0x0000170c    0xe2  DblSub.o [4]
  .text              ro code  0x000017f0   0x246  DblDiv.o [4]
  .text              ro code  0x00001a38    0x28  DblToU32.o [4]
  .text              ro code  0x00001a60    0x1a  U32ToDbl.o [4]
  .text              ro code  0x00001a7a     0x6  abort.o [3]
  .text              ro code  0x00001a80     0x2  I64DivZer.o [5]
  .text              ro code  0x00001a84   0x168  DblAdd.o [4]
  .text              ro code  0x00001bec    0x14  exit.o [6]
  .text              ro code  0x00001c00   0x90c  SSD2119_Display.o [1]
  .text              ro code  0x0000250c    0x48  FltToDbl.o [4]
  .text              ro code  0x00002554    0x40  sprintf.o [3]
  .text              ro code  0x00002594   0x3c4  SSD2119_Touch.o [1]
  .text              ro code  0x00002958   0x33c  Lab4_Inits.o [1]
  .text              ro code  0x00002c94   0x228  Lab4_Task1c.o [1]
  .text              ro code  0x00002ebc    0x68  DblToFlt.o [4]
  .rodata            const    0x00002f24   0x1e0  SSD2119_Display.o [1]
  .text              ro code  0x00003104    0x38  packbits_init_single.o [5]
  .text              ro code  0x0000313c    0x28  data_init.o [5]
  .text              ro code  0x00003164    0x22  fpinit_M.o [4]
  .iar.init_table    const    0x00003188    0x10  - Linker created -
  .rodata            const    0x00003198    0x20  Lab4_Task1c.o [1]
  .rodata            const    0x000031b8    0x20  SSD2119_Display.o [1]
  .rodata            const    0x000031d8    0x1c  Lab4_Task1c.o [1]
  .text              ro code  0x000031f4    0x1a  cmain.o [5]
  .text              ro code  0x0000320e     0x4  low_level_init.o [3]
  .text              ro code  0x00003212     0x4  exit.o [3]
  .text              ro code  0x00003218     0xa  cexit.o [5]
  .text              ro code  0x00003222    0x10  cstartup_M.o [1]
  .rodata            const    0x00003234     0x8  Lab4_Task1c.o [1]
  .rodata            const    0x0000323c     0x8  Lab4_Task1c.o [1]
  .rodata            const    0x00003244     0x8  Lab4_Task1c.o [1]
  .rodata            const    0x0000324c     0x6  xlocale_c.o [3]
  .rodata            const    0x00003252     0x0  packbits_init_single.o [5]
  Initializer bytes  const    0x00003252    0x44  <for P2-1>
                            - 0x00003296  0x3186

"P2", part 1 of 2:                          0x93
  P2-1                        0x20000000    0x93  <Init block>
    .data            inited   0x20000000    0x38  xlocale_c.o [3]
    .data            inited   0x20000038    0x48  xlocale_c.o [3]
    .bss             inited   0x20000080     0x4  Lab4_Task1c.o [1]
    .bss             inited   0x20000084     0x4  Lab4_Task1c.o [1]
    .bss             inited   0x20000088     0x4  xfail_s.o [3]
    .bss             inited   0x2000008c     0x2  SSD2119_Display.o [1]
    .bss             inited   0x2000008e     0x2  SSD2119_Display.o [1]
    .bss             inited   0x20000090     0x2  SSD2119_Display.o [1]
    .bss             inited   0x20000092     0x1  Lab4_Task1c.o [1]
                            - 0x20000093    0x93

"P2", part 2 of 2:                        0x8000
  CSTACK                      0x20000098  0x8000  <Block>
    CSTACK           uninit   0x20000098  0x8000  <Block tail>
                            - 0x20008098  0x8000


*******************************************************************************
*** INIT TABLE
***

          Address     Size
          -------     ----
Copy/packbits (__iar_packbits_init_single3)
    1 source range, total size 0x44 (46% of destination):
          0x00003252  0x44
    1 destination range, total size 0x93:
          0x20000000  0x93



*******************************************************************************
*** MODULE SUMMARY
***

    Module                  ro code  ro data  rw data
    ------                  -------  -------  -------
C:\Users\egeen\Desktop\School\EE 474\Projects\lab4\task1c\Debug\Obj: [1]
    Lab4_Inits.o                828
    Lab4_Task1c.o               552       88        9
    SSD2119_Display.o         2 316      515        6
    SSD2119_Touch.o             964
    cstartup_M.o                 34      272
    -------------------------------------------------
    Total:                    4 694      875       15

command line: [2]
    -------------------------------------------------
    Total:

dl7M_tlf.a: [3]
    abort.o                       6
    exit.o                        4
    low_level_init.o              4
    sprintf.o                    64
    xencoding_8859_1.o           18
    xfail_s.o                    68        2        4
    xlocale_c.o                  24       65      128
    xmbcurmax.o                  10
    xprintffuller_nomb.o      3 930
    xsprout.o                    10
    -------------------------------------------------
    Total:                    4 138       67      132

m7M_tls.a: [4]
    DblAdd.o                    360
    DblCmpGe.o                   46
    DblCmpLe.o                   46
    DblDiv.o                    582
    DblMul.o                    418
    DblSub.o                    226
    DblToFlt.o                  104
    DblToS32.o                   58
    DblToU32.o                   40
    FltToDbl.o                   72
    S32ToDbl.o                   34
    U32ToDbl.o                   26
    fpinit_M.o                   34
    frexp.o                     112
    ldexp.o                     314
    -------------------------------------------------
    Total:                    2 472

rt7M_tl.a: [5]
    ABImemcpy_unaligned.o       118
    I64DivMod.o                 238
    I64DivZer.o                   2
    cexit.o                      10
    cmain.o                      26
    data_init.o                  40
    memchr.o                     88
    packbits_init_single.o       56
    strchr.o                     22
    strlen.o                     54
    -------------------------------------------------
    Total:                      654

shb_l.a: [6]
    exit.o                       20
    -------------------------------------------------
    Total:                       20

    Gaps                         10        4
    Linker created                        16   32 768
-----------------------------------------------------
    Grand Total:             11 988      962   32 915


*******************************************************************************
*** ENTRY LIST
***

Entry                      Address   Size  Type      Object
-----                      -------   ----  ----      ------
.iar.init_table$$Base   0x00003188          --   Gb  - Linker created -
.iar.init_table$$Limit  0x00003198          --   Gb  - Linker created -
?main                   0x000031f5         Code  Gb  cmain.o [5]
ADC0SS3_Handler         0x00002e1d   0x20  Code  Gb  Lab4_Task1c.o [1]
ADCReadPot_Init         0x00002b31   0x88  Code  Gb  Lab4_Inits.o [1]
ADC_Init                0x00002603   0x96  Code  Lc  SSD2119_Touch.o [1]
ADC_Read                0x00002699   0x1e  Code  Lc  SSD2119_Touch.o [1]
ADC_SetChannel          0x000026b7   0x32  Code  Lc  SSD2119_Touch.o [1]
ADC_value               0x20000080    0x4  Data  Gb  Lab4_Task1c.o [1]
ASCII                   0x00002f24  0x1e0  Data  Lc  SSD2119_Display.o [1]
CSTACK$$Base            0x20000098          --   Gb  - Linker created -
CSTACK$$Limit           0x20008098          --   Gb  - Linker created -
Color4                  0x000031b8   0x20  Data  Gb  SSD2119_Display.o [1]
LCD_DrawFilledRect      0x00002499   0x60  Code  Gb  SSD2119_Display.o [1]
LCD_DrawPixel           0x00002465   0x34  Code  Gb  SSD2119_Display.o [1]
LCD_GPIOInit            0x00001c01  0x19c  Code  Lc  SSD2119_Display.o [1]
LCD_Init                0x00002095  0x1a2  Code  Gb  SSD2119_Display.o [1]
LCD_PrintChar           0x00002257   0xd0  Code  Gb  SSD2119_Display.o [1]
LCD_PrintFloat          0x000023c5   0x1e  Code  Gb  SSD2119_Display.o [1]
LCD_PrintInteger        0x00002365   0x60  Code  Gb  SSD2119_Display.o [1]
LCD_PrintString         0x00002327   0x1c  Code  Gb  SSD2119_Display.o [1]
LCD_SetCursor           0x00002343    0xe  Code  Gb  SSD2119_Display.o [1]
LCD_SetTextColor        0x00002351   0x14  Code  Gb  SSD2119_Display.o [1]
LCD_WriteCommand        0x00001d9d  0x15a  Code  Lc  SSD2119_Display.o [1]
LCD_WriteData           0x00001ef7  0x19e  Code  Lc  SSD2119_Display.o [1]
LeftButton              0x00002df1   0x16  Code  Gb  Lab4_Task1c.o [1]
LoadInt                 0x000002af   0x7a  Code  Lc  xprintffuller_nomb.o [3]
PLL_Init                0x00002959  0x150  Code  Gb  Lab4_Inits.o [1]
PortJ_Handler           0x00002e3d   0x3c  Code  Gb  Lab4_Task1c.o [1]
Region$$Table$$Base     0x00003188          --   Gb  - Linker created -
Region$$Table$$Limit    0x00003198          --   Gb  - Linker created -
RightButton             0x00002e07   0x16  Code  Gb  Lab4_Task1c.o [1]
SW_Init                 0x00002aa9   0x88  Code  Gb  Lab4_Inits.o [1]
TimerADCTriger_Init     0x00002bb9   0x56  Code  Gb  Lab4_Inits.o [1]
Touch_Init              0x00002595   0x6e  Code  Gb  SSD2119_Touch.o [1]
Touch_ReadX             0x000027df   0xf6  Code  Gb  SSD2119_Touch.o [1]
Touch_ReadY             0x000026e9   0xf6  Code  Gb  SSD2119_Touch.o [1]
_Encoding_8859_1_Wctomb
                        0x0000106b   0x12  Code  Gb  xencoding_8859_1.o [3]
_GenldFullerNoMb        0x00000d3b  0x27e  Code  Lc  xprintffuller_nomb.o [3]
_LdtobFullerNoMb        0x00000921  0x3f0  Code  Lc  xprintffuller_nomb.o [3]
_LitobFullerNoMb        0x000007c5  0x116  Code  Lc  xprintffuller_nomb.o [3]
_Locale_lconv           0x20000000   0x38  Data  Lc  xlocale_c.o [3]
_PrintfFullerNoMb       0x00000111  0x190  Code  Gb  xprintffuller_nomb.o [3]
_PutcharsFullerNoMb     0x00000fb9   0x2e  Code  Lc  xprintffuller_nomb.o [3]
_PutfldFullerNoMb       0x00000329  0x2d0  Code  Lc  xprintffuller_nomb.o [3]
_PutstrFullerNoMb       0x00000707   0xbe  Code  Lc  xprintffuller_nomb.o [3]
_PuttxtFullerNoMb       0x000005f9  0x10e  Code  Lc  xprintffuller_nomb.o [3]
_SProut                 0x00001093    0xa  Code  Gb  xsprout.o [3]
__aeabi_cdcmple         0x00001511         Code  Gb  DblCmpLe.o [4]
__aeabi_cdrcmple        0x00001541         Code  Gb  DblCmpGe.o [4]
__aeabi_d2f             0x00002ebd         Code  Gb  DblToFlt.o [4]
__aeabi_d2iz            0x000016ad         Code  Gb  DblToS32.o [4]
__aeabi_d2uiz           0x00001a39         Code  Gb  DblToU32.o [4]
__aeabi_ddiv            0x000017f1         Code  Gb  DblDiv.o [4]
__aeabi_dmul            0x000012fd         Code  Gb  DblMul.o [4]
__aeabi_dsub            0x0000170d         Code  Gb  DblSub.o [4]
__aeabi_f2d             0x0000250d         Code  Gb  FltToDbl.o [4]
__aeabi_i2d             0x000016e9         Code  Gb  S32ToDbl.o [4]
__aeabi_ldiv0           0x00001a81         Code  Gb  I64DivZer.o [5]
__aeabi_ui2d            0x00001a61         Code  Gb  U32ToDbl.o [4]
__aeabi_uldivmod        0x0000120d         Code  Gb  I64DivMod.o [5]
__cmain                 0x000031f5         Code  Gb  cmain.o [5]
__exit                  0x00001bed   0x14  Code  Gb  exit.o [6]
__iar_Fail_s            0x0000109d   0x1e  Code  Gb  xfail_s.o [3]
__iar_Mbcurmax          0x00001171    0xa  Code  Gb  xmbcurmax.o [3]
__iar_Memchr            0x00001119         Code  Gb  memchr.o [5]
__iar_Strchr            0x0000107d         Code  Gb  strchr.o [5]
__iar_dadd              0x0000171d         Code  Gb  DblSub.o [4]
__iar_data_init3        0x0000313d   0x28  Code  Gb  data_init.o [5]
__iar_dsub              0x00001a85         Code  Gb  DblAdd.o [4]
__iar_dsubStart         0x00001a97         Code  Gb  DblAdd.o [4]
__iar_frexp             0x000014ad         Code  Gb  frexp.o [4]
__iar_frexpl            0x000014ad         Code  Gb  frexp.o [4]
__iar_globLocale        0x20000038   0x48  Data  Lc  xlocale_c.o [3]
__iar_global_Locale     0x0000117d    0x4  Code  Gb  xlocale_c.o [3]
__iar_init_vfp          0x00003165         Code  Gb  fpinit_M.o [4]
__iar_ldexp64           0x00001571         Code  Gb  ldexp.o [4]
__iar_packbits_init_single3
                        0x00003105   0x38  Code  Gb  packbits_init_single.o [5]
__iar_program_start     0x00003223   0x10  Code  Gb  cstartup_M.o [1]
__iar_scalbln64         0x00001571         Code  Gb  ldexp.o [4]
__iar_scalbn64          0x00001571         Code  Gb  ldexp.o [4]
__iar_softfp___iar_frexp64
                        0x000014a1         Code  Gb  frexp.o [4]
__iar_softfp_frexp      0x000014a1         Code  Gb  frexp.o [4]
__iar_softfp_frexpl     0x000014a1         Code  Gb  frexp.o [4]
__iar_systems$$module {Abs}
                        0x00000001         Data  Gb  command line/config [2]
__iar_unaligned_memcpy  0x00001195         Code  Gb  ABImemcpy_unaligned.o [5]
__iar_unaligned_memcpy4
                        0x000011b5         Code  Gb  ABImemcpy_unaligned.o [5]
__iar_unaligned_memcpy8
                        0x000011b5         Code  Gb  ABImemcpy_unaligned.o [5]
__low_level_init        0x0000320f    0x4  Code  Gb  low_level_init.o [3]
__vector_table          0x00000000  0x110  Data  Gb  cstartup_M.o [1]
_call_main              0x00003201         Code  Gb  cmain.o [5]
_exit                   0x00003219         Code  Gb  cexit.o [5]
_gLocale_wctomb         0x00001185    0x4  Code  Gb  xlocale_c.o [3]
_gLocale_wctombInt      0x00001181    0x4  Code  Gb  xlocale_c.o [3]
_main                   0x0000320b         Code  Gb  cmain.o [5]
abort                   0x00001a7b    0x6  Code  Gb  abort.o [3]
convertColor            0x00002237   0x20  Code  Gb  SSD2119_Display.o [1]
cursorX                 0x2000008c    0x2  Data  Gb  SSD2119_Display.o [1]
cursorY                 0x2000008e    0x2  Data  Gb  SSD2119_Display.o [1]
exit                    0x00003213    0x4  Code  Gb  exit.o [3]
freq                    0x20000092    0x1  Data  Gb  Lab4_Task1c.o [1]
ldexp                   0x00001571         Code  Gb  ldexp.o [4]
ldexpl                  0x00001571         Code  Gb  ldexp.o [4]
localeconv              0x00001189    0x4  Code  Gb  xlocale_c.o [3]
main                    0x00002c95  0x15c  Code  Gb  Lab4_Task1c.o [1]
memchr                  0x00001119         Code  Gb  memchr.o [5]
scalbln                 0x00001571         Code  Gb  ldexp.o [4]
scalblnl                0x00001571         Code  Gb  ldexp.o [4]
scalbn                  0x00001571         Code  Gb  ldexp.o [4]
scalbnl                 0x00001571         Code  Gb  ldexp.o [4]
scale                   0x000008db   0x46  Code  Lc  xprintffuller_nomb.o [3]
sec_hand                0x20000088    0x4  Data  Lc  xfail_s.o [3]
sprintf                 0x00002555   0x40  Code  Gb  sprintf.o [3]
strchr                  0x0000107d         Code  Gb  strchr.o [5]
strlen                  0x000010e1         Code  Gb  strlen.o [5]
textColor               0x20000090    0x2  Data  Gb  SSD2119_Display.o [1]
updateTemp              0x20000084    0x4  Data  Gb  Lab4_Task1c.o [1]


[1] = C:\Users\egeen\Desktop\School\EE 474\Projects\lab4\task1c\Debug\Obj
[2] = command line
[3] = dl7M_tlf.a
[4] = m7M_tls.a
[5] = rt7M_tl.a
[6] = shb_l.a

  11 988 bytes of readonly  code memory
     962 bytes of readonly  data memory
  32 915 bytes of readwrite data memory

Errors: none
Warnings: none
