###############################################################################
#
# IAR ELF Linker V8.11.3.13950/W32 for ARM                04/Dec/2022  17:52:49
# Copyright 2007-2017 IAR Systems AB.
#
#    Output file  =  
#        C:\Users\egeen\Desktop\School\EE
#        474\Projects\lab4\task2a\Debug\Exe\task2a.out
#    Map file     =  
#        C:\Users\egeen\Desktop\School\EE
#        474\Projects\lab4\task2a\Debug\List\task2a.map
#    Command line =  
#        -f C:\Users\egeen\AppData\Local\Temp\EW5B9.tmp
#        ("C:\Users\egeen\Desktop\School\EE
#        474\Projects\lab4\task2a\Debug\Obj\cstartup_M.o"
#        "C:\Users\egeen\Desktop\School\EE
#        474\Projects\lab4\task2a\Debug\Obj\lab4_inits.o"
#        "C:\Users\egeen\Desktop\School\EE
#        474\Projects\lab4\task2a\Debug\Obj\lab4_task2a.o"
#        "C:\Users\egeen\Desktop\School\EE
#        474\Projects\lab4\task2a\Debug\Obj\SSD2119_Display.o"
#        "C:\Users\egeen\Desktop\School\EE
#        474\Projects\lab4\task2a\Debug\Obj\SSD2119_Touch.o" -o
#        "C:\Users\egeen\Desktop\School\EE
#        474\Projects\lab4\task2a\Debug\Exe\task2a.out" --map
#        "C:\Users\egeen\Desktop\School\EE
#        474\Projects\lab4\task2a\Debug\List\task2a.map" --config "C:\Program
#        Files (x86)\IAR Systems\Embedded Workbench
#        8.0\arm\config\linker\TexasInstruments\TM4C1294NC.icf" --semihosting
#        --entry __iar_program_start --vfe --text_out locale)
#
###############################################################################

*******************************************************************************
*** RUNTIME MODEL ATTRIBUTES
***

CppFlavor       = *
__SystemLibrary = DLib
__dlib_version  = 6


*******************************************************************************
*** HEAP SELECTION
***

The basic heap was selected because some modules are built with
size limitations (and not runtime checking), and --advanced_heap
was not specified.


*******************************************************************************
*** PLACEMENT SUMMARY
***

"A0":  place at 0x00000000 { ro section .intvec };
"P1":  place in [from 0x00000000 to 0x000fffff] { ro };
define block CSTACK with size = 32K, alignment = 8 { };
define block HEAP with size = 64K, alignment = 8 { };
"P2":  place in [from 0x20000000 to 0x2003ffff] {
          rw, block CSTACK, block HEAP };
initialize by copy { rw };

  Section            Kind        Address    Size  Object
  -------            ----        -------    ----  ------
"A0":                                      0x110
  .intvec            const    0x00000000   0x110  cstartup_M.o [1]
                            - 0x00000110   0x110

"P1":                                     0x141f
  .text              ro code  0x00000110   0x8b4  SSD2119_Display.o [1]
  .text              ro code  0x000009c4   0x468  lab4_task2a.o [1]
  .text              ro code  0x00000e2c   0x3c4  SSD2119_Touch.o [1]
  .text              ro code  0x000011f0   0x220  lab4_inits.o [1]
  .text              ro code  0x00001410    0x38  packbits_init_single.o [5]
  .text              ro code  0x00001448    0x28  data_init.o [5]
  .text              ro code  0x00001470    0x22  fpinit_M.o [4]
  .iar.init_table    const    0x00001494    0x10  - Linker created -
  .text              ro code  0x000014a4     0x2  cstartup_M.o [1]
  .rodata            const    0x000014a8    0x20  SSD2119_Display.o [1]
  .text              ro code  0x000014c8    0x1a  cmain.o [5]
  .text              ro code  0x000014e2     0x4  low_level_init.o [3]
  .text              ro code  0x000014e6     0x4  exit.o [3]
  .text              ro code  0x000014ea     0x2  cstartup_M.o [1]
  .text              ro code  0x000014ec     0xa  cexit.o [5]
  .text              ro code  0x000014f6     0x2  cstartup_M.o [1]
  .text              ro code  0x000014f8    0x14  exit.o [6]
  .text              ro code  0x0000150c    0x10  cstartup_M.o [1]
  .text              ro code  0x0000151c     0x2  cstartup_M.o [1]
  .text              ro code  0x0000151e     0x2  cstartup_M.o [1]
  .text              ro code  0x00001520     0x2  cstartup_M.o [1]
  .text              ro code  0x00001522     0x2  cstartup_M.o [1]
  .text              ro code  0x00001524     0x2  cstartup_M.o [1]
  .text              ro code  0x00001526     0x2  cstartup_M.o [1]
  .text              ro code  0x00001528     0x2  cstartup_M.o [1]
  .rodata            const    0x0000152a     0x0  packbits_init_single.o [5]
  Initializer bytes  const    0x0000152a     0x5  <for P2-1>
                            - 0x0000152f  0x141f

"P2", part 1 of 2:                          0x14
  P2-1                        0x20000000    0x14  <Init block>
    .bss             inited   0x20000000     0x4  lab4_task2a.o [1]
    .bss             inited   0x20000004     0x4  lab4_task2a.o [1]
    .bss             inited   0x20000008     0x4  lab4_task2a.o [1]
    .bss             inited   0x2000000c     0x2  SSD2119_Display.o [1]
    .bss             inited   0x2000000e     0x2  SSD2119_Display.o [1]
    .bss             inited   0x20000010     0x2  SSD2119_Display.o [1]
    .data            inited   0x20000012     0x1  lab4_task2a.o [1]
    .bss             inited   0x20000013     0x1  lab4_task2a.o [1]
                            - 0x20000014    0x14

"P2", part 2 of 2:                        0x8000
  CSTACK                      0x20000018  0x8000  <Block>
    CSTACK           uninit   0x20000018  0x8000  <Block tail>
                            - 0x20008018  0x8000


*******************************************************************************
*** INIT TABLE
***

          Address     Size
          -------     ----
Copy/packbits (__iar_packbits_init_single3)
    1 source range, total size 0x5 (25% of destination):
          0x0000152a   0x5
    1 destination range, total size 0x14:
          0x20000000  0x14



*******************************************************************************
*** MODULE SUMMARY
***

    Module                  ro code  ro data  rw data
    ------                  -------  -------  -------
C:\Users\egeen\Desktop\School\EE 474\Projects\lab4\task2a\Debug\Obj: [1]
    SSD2119_Display.o         2 228       33        6
    SSD2119_Touch.o             964
    cstartup_M.o                 36      272
    lab4_inits.o                544
    lab4_task2a.o             1 128        4       14
    -------------------------------------------------
    Total:                    4 900      309       20

command line: [2]
    -------------------------------------------------
    Total:

dl7M_tlf.a: [3]
    exit.o                        4
    low_level_init.o              4
    -------------------------------------------------
    Total:                        8

m7M_tls.a: [4]
    fpinit_M.o                   34
    -------------------------------------------------
    Total:                       34

rt7M_tl.a: [5]
    cexit.o                      10
    cmain.o                      26
    data_init.o                  40
    packbits_init_single.o       56
    -------------------------------------------------
    Total:                      132

shb_l.a: [6]
    exit.o                       20
    -------------------------------------------------
    Total:                       20

    Gaps                                   4
    Linker created                        16   32 768
-----------------------------------------------------
    Grand Total:              5 094      329   32 788


*******************************************************************************
*** ENTRY LIST
***

Entry                      Address   Size  Type      Object
-----                      -------   ----  ----      ------
.iar.init_table$$Base   0x00001494          --   Gb  - Linker created -
.iar.init_table$$Limit  0x000014a4          --   Gb  - Linker created -
?main                   0x000014c9         Code  Gb  cmain.o [5]
ADC0SS3_Handler         0x00000a5f   0x12  Code  Gb  lab4_task2a.o [1]
ADC_Init                0x00000e9b   0x96  Code  Lc  SSD2119_Touch.o [1]
ADC_Read                0x00000f31   0x1e  Code  Lc  SSD2119_Touch.o [1]
ADC_SetChannel          0x00000f4f   0x32  Code  Lc  SSD2119_Touch.o [1]
CSTACK$$Base            0x20000018          --   Gb  - Linker created -
CSTACK$$Limit           0x20008018          --   Gb  - Linker created -
Color4                  0x000014a8   0x20  Data  Gb  SSD2119_Display.o [1]
GPTMInit                0x000009c5   0x5c  Code  Gb  lab4_task2a.o [1]
LCD_ColorFill           0x00000767   0x16  Code  Gb  SSD2119_Display.o [1]
LCD_DrawFilledCircle    0x000008b1  0x104  Code  Gb  SSD2119_Display.o [1]
LCD_DrawFilledRect      0x00000851   0x60  Code  Gb  SSD2119_Display.o [1]
LCD_DrawPixel           0x0000081d   0x34  Code  Gb  SSD2119_Display.o [1]
LCD_GPIOInit            0x00000111  0x19c  Code  Lc  SSD2119_Display.o [1]
LCD_Init                0x000005a5  0x1a2  Code  Gb  SSD2119_Display.o [1]
LCD_Pattern             0x00000a71   0x4e  Code  Gb  lab4_task2a.o [1]
LCD_SetCursor           0x0000077d    0xe  Code  Gb  SSD2119_Display.o [1]
LCD_SetTextColor        0x0000078b   0x14  Code  Gb  SSD2119_Display.o [1]
LCD_WriteCommand        0x000002ad  0x15a  Code  Lc  SSD2119_Display.o [1]
LCD_WriteData           0x00000407  0x19e  Code  Lc  SSD2119_Display.o [1]
PLL_Init                0x000011f1  0x150  Code  Gb  lab4_inits.o [1]
Region$$Table$$Base     0x00001494          --   Gb  - Linker created -
Region$$Table$$Limit    0x000014a4          --   Gb  - Linker created -
TL_State                0x20000013    0x1  Data  Gb  lab4_task2a.o [1]
TimerADCTriger_Init     0x00001341   0x8e  Code  Gb  lab4_inits.o [1]
Touch_Init              0x00000e2d   0x6e  Code  Gb  SSD2119_Touch.o [1]
Touch_ReadX             0x00001077   0xf6  Code  Gb  SSD2119_Touch.o [1]
Touch_ReadY             0x00000f81   0xf6  Code  Gb  SSD2119_Touch.o [1]
TrafficLight            0x00000c5b  0x170  Code  Gb  lab4_task2a.o [1]
__cmain                 0x000014c9         Code  Gb  cmain.o [5]
__exit                  0x000014f9   0x14  Code  Gb  exit.o [6]
__iar_data_init3        0x00001449   0x28  Code  Gb  data_init.o [5]
__iar_init_vfp          0x00001471         Code  Gb  fpinit_M.o [4]
__iar_packbits_init_single3
                        0x00001411   0x38  Code  Gb  packbits_init_single.o [5]
__iar_program_start     0x0000150d   0x10  Code  Gb  cstartup_M.o [1]
__iar_systems$$module {Abs}
                        0x00000001         Data  Gb  command line/config [2]
__low_level_init        0x000014e3    0x4  Code  Gb  low_level_init.o [3]
__vector_table          0x00000000  0x110  Data  Gb  cstartup_M.o [1]
_call_main              0x000014d5         Code  Gb  cmain.o [5]
_exit                   0x000014ed         Code  Gb  cexit.o [5]
_main                   0x000014df         Code  Gb  cmain.o [5]
cnt                     0x20000004    0x4  Data  Gb  lab4_task2a.o [1]
convertColor            0x00000747   0x20  Code  Gb  SSD2119_Display.o [1]
cursorX                 0x2000000c    0x2  Data  Gb  SSD2119_Display.o [1]
cursorY                 0x2000000e    0x2  Data  Gb  SSD2119_Display.o [1]
exit                    0x000014e7    0x4  Code  Gb  exit.o [3]
freq                    0x20000012    0x1  Data  Gb  lab4_task2a.o [1]
go                      0x00000bdb   0x40  Code  Gb  lab4_task2a.o [1]
main                    0x00000dcb   0x24  Code  Gb  lab4_task2a.o [1]
off                     0x00000c1b   0x40  Code  Gb  lab4_task2a.o [1]
oneHertz                0x00000a3f   0x20  Code  Gb  lab4_task2a.o [1]
one_second              0x00000a21    0xc  Code  Gb  lab4_task2a.o [1]
ped_switch              0x00000b0b   0x50  Code  Gb  lab4_task2a.o [1]
prev                    0x20000008    0x4  Data  Gb  lab4_task2a.o [1]
resetTimer              0x00000a2d   0x12  Code  Gb  lab4_task2a.o [1]
stop                    0x00000b5b   0x40  Code  Gb  lab4_task2a.o [1]
sys_switch              0x00000abf   0x4c  Code  Gb  lab4_task2a.o [1]
textColor               0x20000010    0x2  Data  Gb  SSD2119_Display.o [1]
time                    0x20000000    0x4  Data  Gb  lab4_task2a.o [1]
warn                    0x00000b9b   0x40  Code  Gb  lab4_task2a.o [1]


[1] = C:\Users\egeen\Desktop\School\EE 474\Projects\lab4\task2a\Debug\Obj
[2] = command line
[3] = dl7M_tlf.a
[4] = m7M_tls.a
[5] = rt7M_tl.a
[6] = shb_l.a

   5 094 bytes of readonly  code memory
     329 bytes of readonly  data memory
  32 788 bytes of readwrite data memory

Errors: none
Warnings: none
