###############################################################################
#
# IAR ELF Linker V8.11.3.13950/W32 for ARM                10/Nov/2022  23:00:33
# Copyright 2007-2017 IAR Systems AB.
#
#    Output file  =  
#        C:\Users\egeen\Desktop\School\EE
#        474\Projects\lab3\task1a\Debug\Exe\task1a.out
#    Map file     =  
#        C:\Users\egeen\Desktop\School\EE
#        474\Projects\lab3\task1a\Debug\List\task1a.map
#    Command line =  
#        -f C:\Users\egeen\AppData\Local\Temp\EW7CD8.tmp
#        ("C:\Users\egeen\Desktop\School\EE
#        474\Projects\lab3\task1a\Debug\Obj\cstartup_M.o"
#        "C:\Users\egeen\Desktop\School\EE
#        474\Projects\lab3\task1a\Debug\Obj\Inits.o"
#        "C:\Users\egeen\Desktop\School\EE
#        474\Projects\lab3\task1a\Debug\Obj\task1a.o" -o
#        "C:\Users\egeen\Desktop\School\EE
#        474\Projects\lab3\task1a\Debug\Exe\task1a.out" --map
#        "C:\Users\egeen\Desktop\School\EE
#        474\Projects\lab3\task1a\Debug\List\task1a.map" --config "C:\Program
#        Files (x86)\IAR Systems\Embedded Workbench
#        8.0\arm\config\linker\TexasInstruments\TM4C1294NC.icf" --semihosting
#        --entry __iar_program_start --vfe --text_out locale)
#
###############################################################################

*******************************************************************************
*** RUNTIME MODEL ATTRIBUTES
***

CppFlavor       = *
__SystemLibrary = DLib
__dlib_version  = 6


*******************************************************************************
*** HEAP SELECTION
***

The basic heap was selected because some modules are built with
size limitations (and not runtime checking), and --advanced_heap
was not specified.


*******************************************************************************
*** PLACEMENT SUMMARY
***

"A0":  place at 0x00000000 { ro section .intvec };
"P1":  place in [from 0x00000000 to 0x000fffff] { ro };
define block CSTACK with size = 32K, alignment = 8 { };
define block HEAP with size = 64K, alignment = 8 { };
"P2":  place in [from 0x20000000 to 0x2003ffff] {
          rw, block CSTACK, block HEAP };

  Section          Kind        Address    Size  Object
  -------          ----        -------    ----  ------
"A0":                                    0x208
  .intvec          const    0x00000000   0x208  cstartup_M.o [1]
                          - 0x00000208   0x208

"P1":                                    0x9aa
  .text            ro code  0x00000208   0x358  Inits.o [1]
  .text            ro code  0x00000560   0x246  DblDiv.o [4]
  .text            ro code  0x000007a6     0x2  cstartup_M.o [1]
  .text            ro code  0x000007a8   0x1a2  DblMul.o [4]
  .text            ro code  0x0000094a     0x2  cstartup_M.o [1]
  .text            ro code  0x0000094c    0xe8  task1a.o [1]
  .text            ro code  0x00000a34    0x1a  U32ToDbl.o [4]
  .text            ro code  0x00000a4e     0x2  cstartup_M.o [1]
  .text            ro code  0x00000a50    0x68  DblToFlt.o [4]
  .text            ro code  0x00000ab8    0x40  zero_init3.o [5]
  .text            ro code  0x00000af8    0x28  data_init.o [5]
  .text            ro code  0x00000b20    0x22  fpinit_M.o [4]
  .iar.init_table  const    0x00000b44    0x10  - Linker created -
  .text            ro code  0x00000b54     0x2  cstartup_M.o [1]
  .text            ro code  0x00000b58    0x1a  cmain.o [5]
  .text            ro code  0x00000b72     0x4  low_level_init.o [3]
  .text            ro code  0x00000b76     0x4  exit.o [3]
  .text            ro code  0x00000b7a     0x2  cstartup_M.o [1]
  .text            ro code  0x00000b7c     0xa  cexit.o [5]
  .text            ro code  0x00000b86     0x2  cstartup_M.o [1]
  .text            ro code  0x00000b88    0x14  exit.o [6]
  .text            ro code  0x00000b9c    0x10  cstartup_M.o [1]
  .text            ro code  0x00000bac     0x2  cstartup_M.o [1]
  .text            ro code  0x00000bae     0x2  cstartup_M.o [1]
  .text            ro code  0x00000bb0     0x2  cstartup_M.o [1]
  .rodata          const    0x00000bb2     0x0  zero_init3.o [5]
                          - 0x00000bb2   0x9aa

"P2", part 1 of 2:                         0x4
  .bss             zero     0x20000000     0x4  task1a.o [1]
                          - 0x20000004     0x4

"P2", part 2 of 2:                      0x8000
  CSTACK                    0x20000008  0x8000  <Block>
    CSTACK         uninit   0x20000008  0x8000  <Block tail>
                          - 0x20008008  0x8000


*******************************************************************************
*** INIT TABLE
***

          Address     Size
          -------     ----
Zero (__iar_zero_init3)
    1 destination range, total size 0x4:
          0x20000000   0x4



*******************************************************************************
*** MODULE SUMMARY
***

    Module            ro code  ro data  rw data
    ------            -------  -------  -------
C:\Users\egeen\Desktop\School\EE 474\Projects\lab3\task1a\Debug\Obj: [1]
    Inits.o               856
    cstartup_M.o           34      520
    task1a.o              232                 4
    -------------------------------------------
    Total:              1 122      520        4

command line: [2]
    -------------------------------------------
    Total:

dl7M_tln.a: [3]
    exit.o                  4
    low_level_init.o        4
    -------------------------------------------
    Total:                  8

m7M_tls.a: [4]
    DblDiv.o              582
    DblMul.o              418
    DblToFlt.o            104
    U32ToDbl.o             26
    fpinit_M.o             34
    -------------------------------------------
    Total:              1 164

rt7M_tl.a: [5]
    cexit.o                10
    cmain.o                26
    data_init.o            40
    zero_init3.o           64
    -------------------------------------------
    Total:                140

shb_l.a: [6]
    exit.o                 20
    -------------------------------------------
    Total:                 20

    Gaps                    2        2
    Linker created                  16   32 768
-----------------------------------------------
    Grand Total:        2 456      538   32 772


*******************************************************************************
*** ENTRY LIST
***

Entry                      Address   Size  Type      Object
-----                      -------   ----  ----      ------
.iar.init_table$$Base   0x00000b44          --   Gb  - Linker created -
.iar.init_table$$Limit  0x00000b54          --   Gb  - Linker created -
?main                   0x00000b59         Code  Gb  cmain.o [5]
ADC0SS3_Handler         0x000009f3   0x1a  Code  Gb  task1a.o [1]
ADCReadPot_Init         0x000003a9   0xe4  Code  Gb  Inits.o [1]
ADC_value               0x20000000    0x4  Data  Gb  task1a.o [1]
CSTACK$$Base            0x20000008          --   Gb  - Linker created -
CSTACK$$Limit           0x20008008          --   Gb  - Linker created -
LED_Init                0x00000359   0x50  Code  Gb  Inits.o [1]
PLL_Init                0x00000209  0x150  Code  Gb  Inits.o [1]
Region$$Table$$Base     0x00000b44          --   Gb  - Linker created -
Region$$Table$$Limit    0x00000b54          --   Gb  - Linker created -
TimerADCTriger_Init     0x0000048d   0x50  Code  Gb  Inits.o [1]
__aeabi_d2f             0x00000a51         Code  Gb  DblToFlt.o [4]
__aeabi_ddiv            0x00000561         Code  Gb  DblDiv.o [4]
__aeabi_dmul            0x000007a9         Code  Gb  DblMul.o [4]
__aeabi_ui2d            0x00000a35         Code  Gb  U32ToDbl.o [4]
__cmain                 0x00000b59         Code  Gb  cmain.o [5]
__exit                  0x00000b89   0x14  Code  Gb  exit.o [6]
__iar_data_init3        0x00000af9   0x28  Code  Gb  data_init.o [5]
__iar_init_vfp          0x00000b21         Code  Gb  fpinit_M.o [4]
__iar_program_start     0x00000b9d   0x10  Code  Gb  cstartup_M.o [1]
__iar_systems$$module {Abs}
                        0x00000001         Data  Gb  command line/config [2]
__iar_zero_init3        0x00000ab9   0x40  Code  Gb  zero_init3.o [5]
__low_level_init        0x00000b73    0x4  Code  Gb  low_level_init.o [3]
__vector_table          0x00000000  0x208  Data  Gb  cstartup_M.o [1]
_call_main              0x00000b65         Code  Gb  cmain.o [5]
_exit                   0x00000b7d         Code  Gb  cexit.o [5]
_main                   0x00000b6f         Code  Gb  cmain.o [5]
exit                    0x00000b77    0x4  Code  Gb  exit.o [3]
main                    0x0000094d   0xa6  Code  Gb  task1a.o [1]


[1] = C:\Users\egeen\Desktop\School\EE 474\Projects\lab3\task1a\Debug\Obj
[2] = command line
[3] = dl7M_tln.a
[4] = m7M_tls.a
[5] = rt7M_tl.a
[6] = shb_l.a

   2 456 bytes of readonly  code memory
     538 bytes of readonly  data memory
  32 772 bytes of readwrite data memory

Errors: none
Warnings: none
